{
  "ok": true,
  "check": "check:gate-waiver-expiry",
  "clockDate": "2026-08-01",
  "contract": "ops/contracts/gate-waivers.v1.json",
  "warnings": [
    {
      "criterion": "declared_waiver_expiry_is_in_the_future",
      "code": "GATE_WAIVER_ACTIVE",
      "message": "continue-on-error waiver is active with 90 day(s) remaining",
      "gateId": "P3SettlementSupportByEnv",
      "workflow": ".github/workflows/ci.yml",
      "jobId": "p3_settlement_support_by_env",
      "reason": "scripts/generateP3EconomyEvidence.ts hardcodes stripe=full, so the gate cannot yet compare the honest support matrix with grounded evidence.",
      "grantedAt": "2026-08-01",
      "expiresAt": "2026-10-30",
      "restoreFront": "REPLACE-P3-EVIDENCE-HARDCODED",
      "approvedBy": "Carlos Alberto Merlo",
      "daysRemaining": 90
    }
  ],
  "violations": []
}
