TAP version 13
# Subtest: rejects local and temporary evidenceRef locations
ok 1 - rejects local and temporary evidenceRef locations
  ---
  duration_ms: 1.353654
  type: 'test'
  ...
# Subtest: allows repository paths, commit anchors, and remote HTTP artifacts
ok 2 - allows repository paths, commit anchors, and remote HTTP artifacts
  ---
  duration_ms: 0.16573
  type: 'test'
  ...
# Subtest: checks artifact cells, not historical path mentions in proof prose
ok 3 - checks artifact cells, not historical path mentions in proof prose
  ---
  duration_ms: 1.777548
  type: 'test'
  ...
# Subtest: still checks a missing artifact and explicit links inside proof prose
ok 4 - still checks a missing artifact and explicit links inside proof prose
  ---
  duration_ms: 0.332751
  type: 'test'
  ...
# Subtest: unrecognized tables and references outside tables stay fail-closed
ok 5 - unrecognized tables and references outside tables stay fail-closed
  ---
  duration_ms: 0.191894
  type: 'test'
  ...
# Subtest: table parser preserves pipes within code and resets between tables
ok 6 - table parser preserves pipes within code and resets between tables
  ---
  duration_ms: 0.117202
  type: 'test'
  ...
# Subtest: explicit evidenceRef locations remain checked inside narrative cells
ok 7 - explicit evidenceRef locations remain checked inside narrative cells
  ---
  duration_ms: 0.180256
  type: 'test'
  ...
# Subtest: commit-pinned references are checked against the named Git object
ok 8 - commit-pinned references are checked against the named Git object
  ---
  duration_ms: 23.355086
  type: 'test'
  ...
1..8
# tests 8
# suites 0
# pass 8
# fail 0
# cancelled 0
# skipped 0
# todo 0
# duration_ms 236.744605
